<?xml version="1.0" encoding="UTF-8"?>
<testsuites name="jest tests" tests="7" failures="0" time="5.061">
  <testsuite name="classes" errors="0" failures="0" skipped="0" timestamp="2019-09-15T21:21:05" time="2.133" tests="5">
    <testcase classname="classes 接受一个 className" name="classes 接受一个 className" time="0.007">
    </testcase>
    <testcase classname="classes 接受两个 className" name="classes 接受两个 className" time="0.001">
    </testcase>
    <testcase classname="classes 接受 undefined 结果不会出现 undefined" name="classes 接受 undefined 结果不会出现 undefined" time="0.001">
    </testcase>
    <testcase classname="classes 接受各种奇怪的值" name="classes 接受各种奇怪的值" time="0.001">
    </testcase>
    <testcase classname="classes 接受 0 个参数 " name="classes 接受 0 个参数 " time="0">
    </testcase>
  </testsuite>
  <testsuite name="icon" errors="0" failures="0" skipped="0" timestamp="2019-09-15T21:21:05" time="2.264" tests="2">
    <testcase classname="icon render successfully" name="icon render successfully" time="0.026">
    </testcase>
    <testcase classname="icon onClick" name="icon onClick" time="0.061">
    </testcase>
  </testsuite>
</testsuites>